[baomoi.com/chan-dung-nam-sinh-lop-10-dat-giai-nhat-tin-hoc-tre-toan-quoc/c/43554255.html]
[backblue.gif]
[fade.gif]
[index.html]
[baomoi-static.bmcdn.me/favicons/mstile-144x144.png]
[baomoi-static.bmcdn.me/favicons/apple-touch-icon-57x57-v1.0.1.png]
[baomoi-static.bmcdn.me/favicons/apple-touch-icon-60x60-v1.0.1.png]
[baomoi-static.bmcdn.me/favicons/apple-touch-icon-72x72-v1.0.1.png]
[baomoi-static.bmcdn.me/favicons/apple-touch-icon-76x76-v1.0.1.png]
[baomoi-static.bmcdn.me/favicons/apple-touch-icon-114x114-v1.0.1.png]
[baomoi-static.bmcdn.me/favicons/apple-touch-icon-120x120-v1.0.1.png]
[baomoi-static.bmcdn.me/favicons/apple-touch-icon-144x144-v1.0.1.png]
[baomoi-static.bmcdn.me/favicons/favicon-32x32.png]
[baomoi-static.bmcdn.me/favicons/android-chrome-192x192.png]
[baomoi-static.bmcdn.me/favicons/favicon-96x96.png]
[baomoi-static.bmcdn.me/favicons/favicon-16x16.png]
[baomoi-static.bmcdn.me/web-v2/prod/v0.2.79/public/fonts/icon-font/style.css]
[baomoi.com/chan-dung-nam-sinh-lop-10-dat-giai-nhat-tin-hoc-tre-toan-quoc/c/window.location.href]
[baomoi-static.bmcdn.me/web-v2/prod/v0.2.79/public/fonts/text-font/2.0.2/styles.css]
[sp.zalo.me/plugins/sdk.js]
[stc-sp.zadn.vn/session-sdk/session-sdk.min.js]
[adtima-static.zascdn.me/resource/js/bm/web.220607.1.js]
[baomoi-static.bmcdn.me/web/styles/img/logo-baomoi-gray.png]
[baomoi-static.bmcdn.me/web/styles/img/global-map.png]
[baomoi-static.bmcdn.me/web/styles/img/bm-icon-2.0.3.png]
[baomoi-static.bmcdn.me/web-v2/prod/v0.2.79/_next/static/chunks/main-32cb95968127e3b5828c.js]
[baomoi-static.bmcdn.me/web-v2/prod/v0.2.79/_next/static/chunks/webpack-bc0381faef019454eda1.js]
[baomoi-static.bmcdn.me/web-v2/prod/v0.2.79/_next/static/chunks/framework.36e5d30ecc6dc4b81c51.js]
[baomoi-static.bmcdn.me/web-v2/prod/v0.2.79/_next/static/chunks/172aaf47e2f93654814cf31373303003c731d5e6.b043df60d2f7b9e6efee.js]
[baomoi-static.bmcdn.me/web-v2/prod/v0.2.79/_next/static/chunks/0df4ba6a08d7cee4e4b70f7b97532d960baa0f22.b73e5981ccb6c4146e19.js]
[baomoi-static.bmcdn.me/web-v2/prod/v0.2.79/_next/static/chunks/46d69c67a4efc14b3627990a0bc83c7fd3557657.8da782e12b7788f5033a.js]
[baomoi-static.bmcdn.me/web-v2/prod/v0.2.79/_next/static/chunks/da82e6b1176982f76a4de6088a71c410ebc2823f.c293a75db82b95168c67.js]
[baomoi-static.bmcdn.me/web-v2/prod/v0.2.79/_next/static/chunks/da82e6b1176982f76a4de6088a71c410ebc2823f_CSS.a83a6a4548b93404854d.js]
[baomoi-static.bmcdn.me/web-v2/prod/v0.2.79/_next/static/chunks/6ad0bd8aedc842ee5db207ca79c9134c90690b57.b7e9960d26acf9cb5ece.js]
[baomoi-static.bmcdn.me/web-v2/prod/v0.2.79/_next/static/chunks/pages/_app-67c3193d39988f6a3538.js]
[baomoi-static.bmcdn.me/web-v2/prod/v0.2.79/_next/static/chunks/pages/content/detail/[id]-8a86c58fc61551b4776e.js]
[baomoi-static.bmcdn.me/web-v2/prod/v0.2.79/public/images/default-skin/bm-logo.png]
[photo-baomoi.bmcdn.me/e9b048137951900fc940.png]
[photo-baomoi.bmcdn.me/w700_r1/2022_08_26_180_43554255/75b99bfe57bcbee2e7ad.jpg]
[baomoi-static.bmcdn.me/web/styles/img/player-default-03.png]
[baomoi-static.bmcdn.me/web-v2/prod/v0.2.79/_next/static/chunks/polyfills-2a0ffbcc75a92f7df37e.js]
[baomoi-static.bmcdn.me/web-v2/prod/v0.2.79/_next/static/hsy4QGmedUeH-G_VF9Ae_/_buildManifest.js]
[baomoi-static.bmcdn.me/web-v2/prod/v0.2.79/_next/static/hsy4QGmedUeH-G_VF9Ae_/_ssgManifest.js]
[baomoi.com/chan-dung-nam-sinh-lop-10-dat-giai-nhat-tin-hoc-tre-toan-quoc/c/43554255.html]
[baomoi-static.bmcdn.me/web-v2/prod/v0.2.79/public/fonts/icon-font/fonts/bm-font-iconc3f0.eot]
[baomoi-static.bmcdn.me/web-v2/prod/v0.2.79/public/fonts/icon-font/fonts/bm-font-iconc3f0.ttf]
[baomoi-static.bmcdn.me/web-v2/prod/v0.2.79/public/fonts/icon-font/fonts/bm-font-iconc3f0.woff]
[baomoi-static.bmcdn.me/web-v2/prod/v0.2.79/public/fonts/icon-font/style.css]
[baomoi.com/chan-dung-nam-sinh-lop-10-dat-giai-nhat-tin-hoc-tre-toan-quoc/c/window.location.html]
[baomoi-static.bmcdn.me/web-v2/prod/v0.2.79/public/fonts/text-font/2.0.2/styles.css]
[baomoi-static.bmcdn.me/web-v2/prod/v0.2.79/public/fonts/icon-font/fonts/bm-font-iconc3f0.svg]
